[student@workstation ~]$ source   /usr/local/etc/ocp4.config 
[student@workstation ~]$ oc login -u kubeadmin -p ${RHT_OCP4_KUBEADM_PASSWD}
Login successful.

You have access to 59 projects, the list has been suppressed. You can list all projects with 'oc projects'

Using project "auth-review".
[student@workstation ~]$ oc create secret generic auth-review --from-file htpasssswd=/home/student/DO280/labs/auth-review/tmp_users --dry-run=client -o yaml -n openshift-config   | oc replace -f -
secret/auth-review replaced
[student@workstation ~]$ oc create secret generic auth-review --from-file htpasssswd=/home/student/DO280/labs/auth-review/tmp_users -o yaml -n openshift-config   | oc replace -f -
Error from server (AlreadyExists): secrets "auth-review" already exists
[student@workstation ~]$ oc create secret generic auth-review --from-file htpasssswd=/home/student/DO280/labs/auth-review/tmp_users --dry-run=client -o yaml -n openshift-config   | oc replace -f -
secret/auth-review replaced
[student@workstation ~]$ ls -la /home/student/DO280/labs/auth-review/tmp_users 
-rw-rw-r--. 1 student student 182 May 24 10:48 /home/student/DO280/labs/auth-review/tmp_users
[student@workstation ~]$ cat /home/student/DO280/labs/auth-review/tmp_users 
developer:$apr1$p8O0LC0w$BTHOkJ8l8Rem/.mSTDIod/
tester:$apr1$tVICAMCJ$DcfRkykdVSOOwsoxNSh4m/
admin:$apr1$4cMTilkf$6jaXVl0Otlfkh2Q/HaKbT0
leader:$apr1$bndYteAP$BtwGVdYM5PX7Xx7UfXZFi1
[student@workstation ~]$ htpasswd -b   ~/DO280/labs/auth-review/tmp_users  admin  'L@bR3v!ew' 
Updating password for user admin
[student@workstation ~]$ oc create secret generic auth-review --from-file htpasssswd=/home/student/DO280/labs/auth-review/tmp_users --dry-run=client -o yaml -n openshift-config   | oc replace -f -
Error from server (Forbidden): error when replacing "STDIN": secrets "auth-review" is forbidden: User "system:anonymous" cannot update resource "secrets" in API group "" in the namespace "openshift-config"
[student@workstation ~]$ oc create secret generic auth-review --from-file htpasssswd=/home/student/DO280/labs/auth-review/tmp_users --dry-run=client -o yaml -n openshift-config   | oc replace -f -
Using project "auth-review".
[student@workstation ~]$ oc create secret generic auth-review --from-file htpasssswd=/home/student/DO280/labs/auth-review/tmp_users --dry-run=client -o yaml -n openshift-config   | oc replace -f -
secret/auth-review replaced
[student@workstation ~]$ oc logout
Logged "kube:admin" out on "https://api.ocp4.example.com:6443"
[student@workstation ~]$ htpasswd -b /home/student/DO280/labs/auth-review/tmp_users admin 'L@bR3v!ew'
Updating password for user admin
[student@workstation ~]$ oc login -u kubeadmin -p ${RHT_OCP4_KUBEADM_PASSWD}
Unable to connect to the server: EOF
[student@workstation ~]$ oc login -u kubeadmin -p ${RHT_OCP4_KUBEADM_PASSWD}
Unable to connect to the server: EOF
[student@workstation ~]$ oc login -u kubeadmin -p ${RHT_OCP4_KUBEADM_PASSWD}  https://api.ocp4.example.com:6443
Unable to connect to the server: EOF
[student@workstation ~]$ oc login -u kubeadmin -p ${RHT_OCP4_KUBEADM_PASSWD}  https://api.ocp4.example.com:6443
Unable to connect to the server: EOF
[student@workstation ~]$ htpasswd -b /home/student/DO280/labs/auth-review/tmp_users developer 'L@bR3v!ew'
Updating password for user developer
[student@workstation ~]$ htpasswd -b /home/student/DO280/labs/auth-review/tmp_^Cers developer 'L@bR3v!ew'
[student@workstation ~]$ oc login -u kubeadmin -p ${RHT_OCP4_KUBEADM_PASSWD}  https://api.ocp4.example.com:6443
Unable to connect to the server: EOF

