[student@workstation ~]$ source   /usr/local/etc/ocp4.config 
[student@workstation ~]$ oc login -u admin -p  'L@bR3v!ew'
Login failed (401 Unauthorized)
Verify you have provided correct credentials.
[student@workstation ~]$ oc login -u admin -p  'L@bR3!view'
Login successful.

You have access to 59 projects, the list has been suppressed. You can list all projects with 'oc projects'

Using project "auth-review".
[student@workstation ~]$ oc logiout
Error: unknown command "logiout" for "oc"

Did you mean this?
	logout

Run 'oc --help' for usage.
[student@workstation ~]$ oc logout
Logged "admin" out on "https://api.ocp4.example.com:6443"
[student@workstation ~]$ oc login -u admin -p  'L@bR3v!ew'
Login failed (401 Unauthorized)
Verify you have provided correct credentials.
[student@workstation ~]$ oc login -u admin -p  'L@bR3!view'
Login successful.

You have access to 59 projects, the list has been suppressed. You can list all projects with 'oc projects'

Using project "auth-review".
[student@workstation ~]$ oc logout
Logged "admin" out on "https://api.ocp4.example.com:6443"
[student@workstation ~]$ oc login -u admin -p  'L@bR3!view'
Unable to connect to the server: EOF
[student@workstation ~]$ oc login -u admin -p  'L@bR3v!ew'
Unable to connect to the server: EOF
[student@workstation ~]$ oc login -u admin -p  'L@bR3v!ew'
Unable to connect to the server: EOF
[student@workstation ~]$ 

