[student@workstation ~]$ oc login -u kubeadmin -p ${RHT_OCP4_KUBEADM_PASSWD}  https://api.ocp4.example.com:6443
error: net/http: TLS handshake timeout
[student@workstation ~]$ oc login -u kubeadmin -p ${RHT_OCP4_KUBEADM_PASSWD}  https://api.ocp4.example.com:6443
error: EOF
[student@workstation ~]$ oc login -u kubeadmin -p ${RHT_OCP4_KUBEADM_PASSWD}  https://api.ocp4.example.com:6443
Unable to connect to the server: EOF
[student@workstation ~]$ oc login -u kubeadmin -p ${RHT_OCP4_KUBEADM_PASSWD}  https://api.ocp4.example.com:6443
error: EOF
[student@workstation ~]$ ls^C
[student@workstation ~]$ oc login -u developer -p developer  https://api.ocp4.example.com:6443
Login successful.

You don't have any projects. You can try to create a new project, by running

    oc new-project <projectname>

[student@workstation ~]$ oc logout
Logged "developer" out on "https://api.ocp4.example.com:6443"
[student@workstation ~]$ oc login -u kubeadmin -p ${RHT_OCP4_KUBEADM_PASSWD}  https://api.ocp4.example.com:6443
Login successful.

You have access to 58 projects, the list has been suppressed. You can list all projects with 'oc projects'

Using project "default".
[student@workstation ~]$ 

